// Jest Snapshot v1, https://goo.gl/fbAQLP

exports[`AboutPage should match the snapshot 1`] = `
<div
  class="MuiBox-root css-zcrwk5"
  data-testid="about-page"
>
  <div
    style="opacity: 1; webkit-transition: opacity 500ms cubic-bezier(0.4, 0, 0.2, 1) 0ms; transition: opacity 500ms cubic-bezier(0.4, 0, 0.2, 1) 0ms;"
  >
    <div
      class="MuiPaper-root MuiPaper-elevation MuiPaper-rounded MuiPaper-elevation2 MuiCard-root css-eegc1c-MuiPaper-root-MuiCard-root"
    >
      <div
        class="MuiStack-root css-8mcjw0-MuiStack-root"
      >
        <div
          class="MuiTypography-root MuiTypography-body1 css-efiysx-MuiTypography-root"
        >
          welcome
        </div>
        <div
          class="MuiTypography-root MuiTypography-body1 css-ahj2mt-MuiTypography-root"
        >
          <div
            class="MuiBox-root css-xgar5s"
          >
            p
          </div>
        </div>
        <div
          class="MuiTypography-root MuiTypography-body1 css-ahj2mt-MuiTypography-root"
        >
          <div
            class="MuiBox-root css-xgar5s"
          >
            a
          </div>
        </div>
        <div
          class="MuiTypography-root MuiTypography-body1 css-ahj2mt-MuiTypography-root"
        >
          <div
            class="MuiBox-root css-xgar5s"
          >
            r
          </div>
        </div>
        <div
          class="MuiTypography-root MuiTypography-body1 css-ahj2mt-MuiTypography-root"
        >
          <div
            class="MuiBox-root css-xgar5s"
          >
            a
          </div>
        </div>
        <div
          class="MuiTypography-root MuiTypography-body1 css-ahj2mt-MuiTypography-root"
        >
          <div
            class="MuiBox-root css-xgar5s"
          >
            g
          </div>
        </div>
        <div
          class="MuiTypography-root MuiTypography-body1 css-ahj2mt-MuiTypography-root"
        >
          <div
            class="MuiBox-root css-xgar5s"
          >
            r
          </div>
        </div>
        <div
          class="MuiTypography-root MuiTypography-body1 css-ahj2mt-MuiTypography-root"
        >
          <div
            class="MuiBox-root css-xgar5s"
          >
            a
          </div>
        </div>
        <div
          class="MuiTypography-root MuiTypography-body1 css-ahj2mt-MuiTypography-root"
        >
          <div
            class="MuiBox-root css-xgar5s"
          >
            p
          </div>
        </div>
        <div
          class="MuiTypography-root MuiTypography-body1 css-ahj2mt-MuiTypography-root"
        >
          <div
            class="MuiBox-root css-xgar5s"
          >
            h
          </div>
        </div>
        <div
          class="MuiTypography-root MuiTypography-body1 css-ahj2mt-MuiTypography-root"
        >
          <div
            class="MuiBox-root css-xgar5s"
          >
            s
          </div>
        </div>
      </div>
      <div
        class="MuiCardActions-root css-1h52dy8-MuiCardActions-root"
      >
        <div
          class="MuiBox-root css-8atqhb"
        >
          <div
            class="MuiGrid-root MuiGrid-container css-hrkt27-MuiGrid-root"
          >
            <div
              class="MuiGrid-root MuiGrid-item MuiGrid-grid-xs-true css-1vd824g-MuiGrid-root"
            >
              <div
                class="MuiBox-root css-1l4w6pd"
              >
                <a
                  class="MuiTypography-root MuiTypography-inherit MuiLink-root MuiLink-underlineNone css-sy308k-MuiTypography-root-MuiLink-root"
                  href="https://github.com/caponetto"
                  rel="noreferrer"
                  target="_blank"
                >
                  <button
                    aria-label="Open github"
                    class="MuiButtonBase-root MuiIconButton-root MuiIconButton-sizeMedium css-1l55se7-MuiButtonBase-root-MuiIconButton-root"
                    data-mui-internal-clone-element="true"
                    data-testid="github-button"
                    id="github-button"
                    tabindex="0"
                    type="button"
                  >
                    <svg
                      aria-hidden="true"
                      class="MuiSvgIcon-root MuiSvgIcon-fontSizeMedium css-i4bv87-MuiSvgIcon-root"
                      data-testid="GitHubIcon"
                      focusable="false"
                      viewBox="0 0 24 24"
                    >
                      <path
                        d="M12 1.27a11 11 0 00-3.48 21.46c.55.09.73-.28.73-.55v-1.84c-3.03.64-3.67-1.46-3.67-1.46-.55-1.29-1.28-1.65-1.28-1.65-.92-.65.1-.65.1-.65 1.1 0 1.73 1.1 1.73 1.1.92 1.65 2.57 1.2 3.21.92a2 2 0 01.64-1.47c-2.47-.27-5.04-1.19-5.04-5.5 0-1.1.46-2.1 1.2-2.84a3.76 3.76 0 010-2.93s.91-.28 3.11 1.1c1.8-.49 3.7-.49 5.5 0 2.1-1.38 3.02-1.1 3.02-1.1a3.76 3.76 0 010 2.93c.83.74 1.2 1.74 1.2 2.94 0 4.21-2.57 5.13-5.04 5.4.45.37.82.92.82 2.02v3.03c0 .27.1.64.73.55A11 11 0 0012 1.27"
                      />
                    </svg>
                    <span
                      class="MuiTouchRipple-root css-8je8zh-MuiTouchRipple-root"
                    />
                  </button>
                </a>
              </div>
            </div>
            <div
              class="MuiGrid-root MuiGrid-item MuiGrid-grid-xs-true css-1vd824g-MuiGrid-root"
            >
              <div
                class="MuiBox-root css-1l4w6pd"
              >
                <a
                  class="MuiTypography-root MuiTypography-inherit MuiLink-root MuiLink-underlineNone css-sy308k-MuiTypography-root-MuiLink-root"
                  href="https://twitter.com/caponetto"
                  rel="noreferrer"
                  target="_blank"
                >
                  <button
                    aria-label="Open x"
                    class="MuiButtonBase-root MuiIconButton-root MuiIconButton-sizeMedium css-1l55se7-MuiButtonBase-root-MuiIconButton-root"
                    data-mui-internal-clone-element="true"
                    data-testid="x-button"
                    id="x-button"
                    tabindex="0"
                    type="button"
                  >
                    <svg
                      aria-hidden="true"
                      class="MuiSvgIcon-root MuiSvgIcon-fontSizeMedium css-i4bv87-MuiSvgIcon-root"
                      data-testid="XIcon"
                      focusable="false"
                      viewBox="0 0 24 24"
                    >
                      <path
                        d="M18.244 2.25h3.308l-7.227 8.26 8.502 11.24H16.17l-5.214-6.817L4.99 21.75H1.68l7.73-8.835L1.254 2.25H8.08l4.713 6.231zm-1.161 17.52h1.833L7.084 4.126H5.117z"
                      />
                    </svg>
                    <span
                      class="MuiTouchRipple-root css-8je8zh-MuiTouchRipple-root"
                    />
                  </button>
                </a>
              </div>
            </div>
            <div
              class="MuiGrid-root MuiGrid-item MuiGrid-grid-xs-true css-1vd824g-MuiGrid-root"
            >
              <div
                class="MuiBox-root css-1l4w6pd"
              >
                <a
                  class="MuiTypography-root MuiTypography-inherit MuiLink-root MuiLink-underlineNone css-sy308k-MuiTypography-root-MuiLink-root"
                  href="https://www.linkedin.com/in/ghcaponetto"
                  rel="noreferrer"
                  target="_blank"
                >
                  <button
                    aria-label="Open linkedin"
                    class="MuiButtonBase-root MuiIconButton-root MuiIconButton-sizeMedium css-1l55se7-MuiButtonBase-root-MuiIconButton-root"
                    data-mui-internal-clone-element="true"
                    data-testid="linkedin-button"
                    id="linkedin-button"
                    tabindex="0"
                    type="button"
                  >
                    <svg
                      aria-hidden="true"
                      class="MuiSvgIcon-root MuiSvgIcon-fontSizeMedium css-i4bv87-MuiSvgIcon-root"
                      data-testid="LinkedInIcon"
                      focusable="false"
                      viewBox="0 0 24 24"
                    >
                      <path
                        d="M19 3a2 2 0 0 1 2 2v14a2 2 0 0 1-2 2H5a2 2 0 0 1-2-2V5a2 2 0 0 1 2-2h14m-.5 15.5v-5.3a3.26 3.26 0 0 0-3.26-3.26c-.85 0-1.84.52-2.32 1.3v-1.11h-2.79v8.37h2.79v-4.93c0-.77.62-1.4 1.39-1.4a1.4 1.4 0 0 1 1.4 1.4v4.93h2.79M6.88 8.56a1.68 1.68 0 0 0 1.68-1.68c0-.93-.75-1.69-1.68-1.69a1.69 1.69 0 0 0-1.69 1.69c0 .93.76 1.68 1.69 1.68m1.39 9.94v-8.37H5.5v8.37h2.77z"
                      />
                    </svg>
                    <span
                      class="MuiTouchRipple-root css-8je8zh-MuiTouchRipple-root"
                    />
                  </button>
                </a>
              </div>
            </div>
          </div>
        </div>
      </div>
    </div>
  </div>
</div>
`;
